ets Jul 29 2019 12:21:46

rst:0x1 (POWERON_RESET),boot:0x1f (SPI_FAST_FLASH_BOOT)
configsip: 0, SPIWP:0xee
clk_drv:0x00,q_drv:0x00,d_drv:0x00,cs0_drv:0x00,hd_drv:0x00,wp_drv:0x00
mode:DIO, clock div:2
load:0x3fff0030,len:7132
ho 0 tail 12 room 4
load:0x40078000,len:15720
ho 0 tail 12 room 4
load:0x40080400,len:4
load:0x40080404,len:3884
entry 0x40080650
[0;32mI (33) boot: ESP-IDF v5.2-dev-1805-g9a1cc59338-dirty 2nd stage bootloader[0m
[0;32mI (33) boot: compile time Oct  2 2024 11:20:41[0m
[0;32mI (35) boot: Multicore bootloader[0m
[0;32mI (39) boot: chip revision: v3.0[0m
[0;32mI (43) boot.esp32: SPI Speed      : 40MHz[0m
[0;32mI (48) boot.esp32: SPI Mode       : DIO[0m
[0;32mI (52) boot.esp32: SPI Flash Size : 2MB[0m
[0;32mI (57) boot: Enabling RNG early entropy source...[0m
[0;32mI (62) boot: Partition Table:[0m
[0;32mI (66) boot: ## Label            Usage          Type ST Offset   Length[0m
[0;32mI (73) boot:  0 nvs              WiFi data        01 02 00009000 00006000[0m
[0;32mI (81) boot:  1 phy_init         RF data          01 01 0000f000 00001000[0m
[0;32mI (88) boot:  2 factory          factory app      00 00 00010000 00100000[0m
[0;32mI (96) boot: End of partition table[0m
[0;32mI (100) esp_image: segment 0: paddr=00010020 vaddr=3f400020 size=27564h (161124) map[0m
[0;32mI (167) esp_image: segment 1: paddr=0003758c vaddr=3ffb0000 size=03748h ( 14152) load[0m
[0;32mI (172) esp_image: segment 2: paddr=0003acdc vaddr=40080000 size=0533ch ( 21308) load[0m
[0;32mI (182) esp_image: segment 3: paddr=00040020 vaddr=400d0020 size=986ech (624364) map[0m
[0;32mI (407) esp_image: segment 4: paddr=000d8714 vaddr=4008533c size=108b8h ( 67768) load[0m
[0;32mI (446) boot: Loaded app from partition at offset 0x10000[0m
[0;32mI (447) boot: Disabling RNG early entropy source...[0m
[0;32mI (458) cpu_start: Multicore app[0m
[0;32mI (458) cpu_start: Pro cpu up.[0m
[0;32mI (459) cpu_start: Starting app cpu, entry point is 0x40081244[0m
[0;32mI (0) cpu_start: App cpu up.[0m
[0;32mI (476) cpu_start: Pro cpu start user code[0m
[0;32mI (476) cpu_start: cpu freq: 160000000 Hz[0m
[0;32mI (476) cpu_start: Application information:[0m
[0;32mI (481) cpu_start: Project name:     websocket_example[0m
[0;32mI (487) cpu_start: App version:      dca59c2-dirty[0m
[0;32mI (492) cpu_start: Compile time:     Oct  3 2024 12:34:02[0m
[0;32mI (498) cpu_start: ELF file SHA256:  61f6b454a...[0m
[0;32mI (504) cpu_start: ESP-IDF:          v5.2-dev-1805-g9a1cc59338-dirty[0m
[0;32mI (511) cpu_start: Min chip rev:     v0.0[0m
[0;32mI (516) cpu_start: Max chip rev:     v3.99 [0m
[0;32mI (520) cpu_start: Chip rev:         v3.0[0m
[0;32mI (525) heap_init: Initializing. RAM available for dynamic allocation:[0m
[0;32mI (533) heap_init: At 3FFAE6E0 len 00001920 (6 KiB): DRAM[0m
[0;32mI (538) heap_init: At 3FFB7F40 len 000280C0 (160 KiB): DRAM[0m
[0;32mI (545) heap_init: At 3FFE0440 len 00003AE0 (14 KiB): D/IRAM[0m
[0;32mI (551) heap_init: At 3FFE4350 len 0001BCB0 (111 KiB): D/IRAM[0m
[0;32mI (557) heap_init: At 40095BF4 len 0000A40C (41 KiB): IRAM[0m
[0;32mI (565) spi_flash: detected chip: gd[0m
[0;32mI (568) spi_flash: flash io: dio[0m
[0;33mW (572) spi_flash: Detected size(8192k) larger than the size in the binary image header(2048k). Using the size in the binary image header.[0m
[0;32mI (586) app_start: Starting scheduler on CPU0[0m
[0;32mI (590) app_start: Starting scheduler on CPU1[0m
[0;32mI (590) main_task: Started on CPU0[0m
[0;32mI (600) main_task: Calling app_main()[0m
[0;32mI (600) websocket: [APP] Startup..[0m
[0;32mI (600) websocket: [APP] Free memory: 276660 bytes[0m
[0;32mI (610) websocket: [APP] IDF version: v5.2-dev-1805-g9a1cc59338-dirty[0m
[0;32mI (650) example_connect: Start example_connect.[0m
[0;32mI (670) wifi:wifi driver task: 3ffc05ec, prio:23, stack:6656, core=0[0m
[0;32mI (690) wifi:wifi firmware version: e02d228[0m
[0;32mI (690) wifi:wifi certification version: v7.0[0m
[0;32mI (690) wifi:config NVS flash: enabled[0m
[0;32mI (690) wifi:config nano formating: disabled[0m
[0;32mI (700) wifi:Init data frame dynamic rx buffer num: 32[0m
[0;32mI (700) wifi:Init management frame dynamic rx buffer num: 32[0m
[0;32mI (710) wifi:Init management short buffer num: 32[0m
[0;32mI (710) wifi:Init dynamic tx buffer num: 32[0m
[0;32mI (720) wifi:Init static rx buffer size: 1600[0m
[0;32mI (720) wifi:Init static rx buffer num: 10[0m
[0;32mI (720) wifi:Init dynamic rx buffer num: 32[0m
[0;32mI (730) wifi_init: rx ba win: 6[0m
[0;32mI (730) wifi_init: tcpip mbox: 32[0m
[0;32mI (740) wifi_init: udp mbox: 6[0m
[0;32mI (740) wifi_init: tcp mbox: 6[0m
[0;32mI (740) wifi_init: tcp tx win: 5744[0m
[0;32mI (750) wifi_init: tcp rx win: 5744[0m
[0;32mI (750) wifi_init: tcp mss: 1440[0m
[0;32mI (750) wifi_init: WiFi IRAM OP enabled[0m
[0;32mI (760) wifi_init: WiFi RX IRAM OP enabled[0m
[0;32mI (770) phy_init: phy_version 4670,719f9f6,Feb 18 2021,17:07:07[0m
[0;32mI (870) wifi:mode : sta (44:17:93:e6:3b:bc)[0m
[0;32mI (880) wifi:enable tsf[0m
[0;32mI (880) example_connect: Connecting to VM2984501...[0m
[0;32mI (880) example_connect: Waiting for IP(s)[0m
[0;32mI (3290) wifi:new:<1,0>, old:<1,0>, ap:<255,255>, sta:<1,0>, prof:1[0m
[0;32mI (4450) wifi:state: init -> auth (b0)[0m
[0;32mI (4480) wifi:state: auth -> init (8a0)[0m
[0;32mI (4480) wifi:new:<1,0>, old:<1,0>, ap:<255,255>, sta:<1,0>, prof:1[0m
[0;32mI (4480) example_connect: Wi-Fi disconnected, trying to reconnect...[0m
[0;32mI (6900) example_connect: Wi-Fi disconnected, trying to reconnect...[0m
[0;32mI (9310) wifi:new:<1,0>, old:<1,0>, ap:<255,255>, sta:<1,0>, prof:1[0m
[0;32mI (9310) wifi:state: init -> auth (b0)[0m
[0;32mI (9440) wifi:state: auth -> assoc (0)[0m
[0;32mI (9460) wifi:state: assoc -> run (10)[0m
[0;32mI (10950) wifi:connected with VM2984501, aid = 5, channel 1, BW20, bssid = 4c:38:d8:2a:66:f1[0m
[0;32mI (10950) wifi:security: WPA2-PSK, phy: bgn, rssi: -34[0m
[0;32mI (10960) wifi:pm start, type: 1[0m

[0;32mI (11000) wifi:AP's beacon interval = 102400 us, DTIM period = 1[0m
[0;32mI (12650) example_connect: Got IPv6 event: Interface "example_netif_sta" address: fe80:0000:0000:0000:4617:93ff:fee6:3bbc, type: ESP_IP6_ADDR_IS_LINK_LOCAL[0m
[0;32mI (13030) wifi:<ba-add>idx:0 (ifx:0, 4c:38:d8:2a:66:f1), tid:0, ssn:0, winSize:64[0m
[0;32mI (14170) wifi:<ba-del>idx:0, tid:0[0m
[0;32mI (14960) esp_netif_handlers: example_netif_sta ip: 192.168.0.73, mask: 255.255.255.0, gw: 192.168.0.1[0m
[0;32mI (14960) example_connect: Got IPv4 event: Interface "example_netif_sta" address: 192.168.0.73[0m
[0;32mI (14960) example_common: Connected to example_netif_sta[0m
[0;32mI (14970) example_common: - IPv4 address: 192.168.0.73,[0m
[0;32mI (14980) example_common: - IPv6 address: fe80:0000:0000:0000:4617:93ff:fee6:3bbc, type: ESP_IP6_ADDR_IS_LINK_LOCAL[0m
Their public certificate length 1801
Our public certificate length 1826
uri =  wss://echo.websocket.events
[0;32mI (15000) wifi:<ba-add>idx:0 (ifx:0, 4c:38:d8:2a:66:f1), tid:0, ssn:2, winSize:64[0m
[0;32mI (15010) websocket: Connecting to wss://echo.websocket.events...[0m
[0;33mW (15010) websocket_client: `reconnect_timeout_ms` is not set, or it is less than or equal to zero, using default time out 10000 (milliseconds)[0m
[0;33mW (15030) websocket_client: `network_timeout_ms` is not set, or it is less than or equal to zero, using default time out 10000 (milliseconds)[0m
x509_crt_verify_restartable_ca_cb()
x509_crt_verify_restartable_ca_cb() B
cn = echo.websocket.events
x509_crt_verify_restartable_ca_cb() name 0
x509_crt_verify_restartable_ca_cb() C 0
x509_crt_verify_chain()
x509_crt_verify_restartable_ca_cb() D flags=0 ee_flags=0
x509_crt_merge_flags_with_cb() ver_chain->len = 2
cur_flags 0
cur->flags 0
flags now 0
cur_flags 0
cur->flags 0
flags now 0
x509_crt_verify_restartable_ca_cb() E ret=0 flags=0
x509_crt_verify_restartable_ca_cb() H ret=0 flags=0
[0;32mI (20090) websocket: No data received for 5 seconds, signaling shutdown[0m
[0;32mI (20870) websocket: WEBSOCKET_EVENT_CONNECTED[0m
[0;32mI (21090) websocket: Sending hello 0000[0m
[0;32mI (21920) websocket: WEBSOCKET_EVENT_DATA[0m
[0;32mI (21920) websocket: Received opcode=1[0m
[0;33mW (21920) websocket: Received=hello 0000

[0m
[0;33mW (21920) websocket: Total payload length=10, data_len=10, current payload offset=0
[0m
[0;32mI (22090) websocket: Sending hello 0001[0m
[0;32mI (22400) websocket: WEBSOCKET_EVENT_DATA[0m
[0;32mI (22400) websocket: Received opcode=1[0m
[0;33mW (22400) websocket: Received=hello 0001

[0m
[0;33mW (22400) websocket: Total payload length=10, data_len=10, current payload offset=0
[0m
[0;32mI (23090) websocket: Sending hello 0002[0m
[0;32mI (23770) websocket: WEBSOCKET_EVENT_DATA[0m
[0;32mI (23770) websocket: Received opcode=1[0m
[0;33mW (23770) websocket: Received=hello 0002

[0m
[0;33mW (23770) websocket: Total payload length=10, data_len=10, current payload offset=0
[0m
[0;32mI (24100) websocket: Sending hello 0003[0m
[0;32mI (24730) websocket: WEBSOCKET_EVENT_DATA[0m
[0;32mI (24730) websocket: Received opcode=1[0m
[0;33mW (24730) websocket: Received=hello 0003

[0m
[0;33mW (24740) websocket: Total payload length=10, data_len=10, current payload offset=0
[0m
[0;32mI (25100) websocket: Sending hello 0004[0m
[0;32mI (25670) websocket: WEBSOCKET_EVENT_DATA[0m
[0;32mI (25680) websocket: Received opcode=1[0m
[0;33mW (25680) websocket: Received=hello 0004

[0m
[0;33mW (25680) websocket: Total payload length=10, data_len=10, current payload offset=0
[0m
[0;32mI (26100) websocket: Sending fragmented message[0m
[0;32mI (27710) websocket: WEBSOCKET_EVENT_DATA[0m
[0;32mI (27710) websocket: Received opcode=1[0m
[0;33mW (27710) websocket: Received=aaaaaaaaaaaaaaaaaaaaaaaaaaaaaaaabbbbbbbbbbbbbbbbbbbbbbbbbbbbbbbb

[0m
[0;33mW (27720) websocket: Total payload length=64, data_len=64, current payload offset=0
[0m
[0;32mI (27730) websocket: WEBSOCKET_EVENT_DATA[0m
[0;32mI (27730) websocket: Received opcode=8[0m
[0;33mW (27740) websocket: Received=

[0m
[0;33mW (27740) websocket: Total payload length=0, data_len=0, current payload offset=0
[0m
[0;33mW (27750) transport_ws: esp_transport_ws_poll_connection_closed: unexpected data readable on socket=54[0m
[0;33mW (27760) websocket_client: Connection terminated while waiting for clean TCP close[0m
[0;32mI (27770) websocket: Websocket Stopped[0m
[0;32mI (27770) main_task: Returned from app_main()[0m
[0;32mI (32750) websocket: No data received for 5 seconds, signaling shutdown[0m
[0;33mW (36140) wifi:[ADDBA]rx delba, code:39, delete tid:0[0m
ets Jul 29 2019 12:21:46

rst:0x1 (POWERON_RESET),boot:0x7 (DOWNLOAD_BOOT(UART0/UART1/SDIO_REI_REO_V2))
waiting for download
