ets Jul 29 2019 12:21:46

rst:0x1 (POWERON_RESET),boot:0x1f (SPI_FAST_FLASH_BOOT)
configsip: 0, SPIWP:0xee
clk_drv:0x00,q_drv:0x00,d_drv:0x00,cs0_drv:0x00,hd_drv:0x00,wp_drv:0x00
mode:DIO, clock div:2
load:0x3fff0030,len:7132
ho 0 tail 12 room 4
load:0x40078000,len:15720
ho 0 tail 12 room 4
load:0x40080400,len:4
load:0x40080404,len:3884
entry 0x40080650
[0;32mI (33) boot: ESP-IDF v5.2-dev-1805-g9a1cc59338-dirty 2nd stage bootloader[0m
[0;32mI (33) boot: compile time Oct  2 2024 11:20:41[0m
[0;32mI (35) boot: Multicore bootloader[0m
[0;32mI (39) boot: chip revision: v3.0[0m
[0;32mI (43) boot.esp32: SPI Speed      : 40MHz[0m
[0;32mI (48) boot.esp32: SPI Mode       : DIO[0m
[0;32mI (52) boot.esp32: SPI Flash Size : 2MB[0m
[0;32mI (57) boot: Enabling RNG early entropy source...[0m
[0;32mI (62) boot: Partition Table:[0m
[0;32mI (66) boot: ## Label            Usage          Type ST Offset   Length[0m
[0;32mI (73) boot:  0 nvs              WiFi data        01 02 00009000 00006000[0m
[0;32mI (81) boot:  1 phy_init         RF data          01 01 0000f000 00001000[0m
[0;32mI (88) boot:  2 factory          factory app      00 00 00010000 00100000[0m
[0;32mI (96) boot: End of partition table[0m
[0;32mI (100) esp_image: segment 0: paddr=00010020 vaddr=3f400020 size=26244h (156228) map[0m
[0;32mI (165) esp_image: segment 1: paddr=0003626c vaddr=3ffb0000 size=03de8h ( 15848) load[0m
[0;32mI (171) esp_image: segment 2: paddr=0003a05c vaddr=40080000 size=05fbch ( 24508) load[0m
[0;32mI (182) esp_image: segment 3: paddr=00040020 vaddr=400d0020 size=985ech (624108) map[0m
[0;32mI (407) esp_image: segment 4: paddr=000d8614 vaddr=40085fbc size=0fc38h ( 64568) load[0m
[0;32mI (445) boot: Loaded app from partition at offset 0x10000[0m
[0;32mI (445) boot: Disabling RNG early entropy source...[0m
[0;32mI (457) cpu_start: Multicore app[0m
[0;32mI (457) cpu_start: Pro cpu up.[0m
[0;32mI (457) cpu_start: Starting app cpu, entry point is 0x40081244[0m
[0;32mI (0) cpu_start: App cpu up.[0m
[0;32mI (475) cpu_start: Pro cpu start user code[0m
[0;32mI (475) cpu_start: cpu freq: 160000000 Hz[0m
[0;32mI (475) cpu_start: Application information:[0m
[0;32mI (480) cpu_start: Project name:     websocket_example[0m
[0;32mI (486) cpu_start: App version:      dca59c2-dirty[0m
[0;32mI (491) cpu_start: Compile time:     Oct  2 2024 11:35:26[0m
[0;32mI (497) cpu_start: ELF file SHA256:  fa8ff9a12...[0m
[0;32mI (503) cpu_start: ESP-IDF:          v5.2-dev-1805-g9a1cc59338-dirty[0m
[0;32mI (510) cpu_start: Min chip rev:     v0.0[0m
[0;32mI (514) cpu_start: Max chip rev:     v3.99 [0m
[0;32mI (519) cpu_start: Chip rev:         v3.0[0m
[0;32mI (524) heap_init: Initializing. RAM available for dynamic allocation:[0m
[0;32mI (531) heap_init: At 3FFAE6E0 len 00001920 (6 KiB): DRAM[0m
[0;32mI (537) heap_init: At 3FFB85E0 len 00027A20 (158 KiB): DRAM[0m
[0;32mI (544) heap_init: At 3FFE0440 len 00003AE0 (14 KiB): D/IRAM[0m
[0;32mI (550) heap_init: At 3FFE4350 len 0001BCB0 (111 KiB): D/IRAM[0m
[0;32mI (556) heap_init: At 40095BF4 len 0000A40C (41 KiB): IRAM[0m
[0;32mI (564) spi_flash: detected chip: gd[0m
[0;32mI (567) spi_flash: flash io: dio[0m
[0;33mW (571) spi_flash: Detected size(8192k) larger than the size in the binary image header(2048k). Using the size in the binary image header.[0m
[0;32mI (585) app_start: Starting scheduler on CPU0[0m
[0;32mI (589) app_start: Starting scheduler on CPU1[0m
[0;32mI (589) main_task: Started on CPU0[0m
[0;32mI (599) main_task: Calling app_main()[0m
[0;32mI (599) websocket: [APP] Startup..[0m
[0;32mI (599) websocket: [APP] Free memory: 274964 bytes[0m
[0;32mI (609) websocket: [APP] IDF version: v5.2-dev-1805-g9a1cc59338-dirty[0m
[0;32mI (649) example_connect: Start example_connect.[0m
[0;32mI (669) wifi:wifi driver task: 3ffc0c8c, prio:23, stack:6656, core=0[0m
[0;32mI (689) wifi:wifi firmware version: e02d228[0m
[0;32mI (689) wifi:wifi certification version: v7.0[0m
[0;32mI (689) wifi:config NVS flash: enabled[0m
[0;32mI (689) wifi:config nano formating: disabled[0m
[0;32mI (699) wifi:Init data frame dynamic rx buffer num: 32[0m
[0;32mI (699) wifi:Init management frame dynamic rx buffer num: 32[0m
[0;32mI (709) wifi:Init management short buffer num: 32[0m
[0;32mI (709) wifi:Init dynamic tx buffer num: 32[0m
[0;32mI (709) wifi:Init static rx buffer size: 1600[0m
[0;32mI (719) wifi:Init static rx buffer num: 10[0m
[0;32mI (719) wifi:Init dynamic rx buffer num: 32[0m
[0;32mI (729) wifi_init: rx ba win: 6[0m
[0;32mI (729) wifi_init: tcpip mbox: 32[0m
[0;32mI (729) wifi_init: udp mbox: 6[0m
[0;32mI (739) wifi_init: tcp mbox: 6[0m
[0;32mI (739) wifi_init: tcp tx win: 5744[0m
[0;32mI (749) wifi_init: tcp rx win: 5744[0m
[0;32mI (749) wifi_init: tcp mss: 1440[0m
[0;32mI (749) wifi_init: WiFi IRAM OP enabled[0m
[0;32mI (759) wifi_init: WiFi RX IRAM OP enabled[0m
[0;32mI (769) phy_init: phy_version 4670,719f9f6,Feb 18 2021,17:07:07[0m
[0;32mI (869) wifi:mode : sta (44:17:93:e6:3b:bc)[0m
[0;32mI (869) wifi:enable tsf[0m
[0;32mI (879) example_connect: Connecting to VM2984501...[0m
[0;32mI (879) example_connect: Waiting for IP(s)[0m
[0;32mI (3289) wifi:new:<1,0>, old:<1,0>, ap:<255,255>, sta:<1,0>, prof:1[0m
[0;32mI (5039) wifi:state: init -> auth (b0)[0m
[0;32mI (5059) wifi:state: auth -> init (8a0)[0m
[0;32mI (5059) wifi:new:<1,0>, old:<1,0>, ap:<255,255>, sta:<1,0>, prof:1[0m
[0;32mI (5059) example_connect: Wi-Fi disconnected, trying to reconnect...[0m
[0;32mI (7479) example_connect: Wi-Fi disconnected, trying to reconnect...[0m
[0;32mI (9889) wifi:new:<1,0>, old:<1,0>, ap:<255,255>, sta:<1,0>, prof:1[0m
[0;32mI (9889) wifi:state: init -> auth (b0)[0m
[0;32mI (9909) wifi:state: auth -> assoc (0)[0m
[0;32mI (10029) wifi:state: assoc -> run (10)[0m
[0;32mI (10589) wifi:connected with VM2984501, aid = 9, channel 1, BW20, bssid = 4c:38:d8:2a:66:f1[0m
[0;32mI (10599) wifi:security: WPA2-PSK, phy: bgn, rssi: -41[0m
[0;32mI (10599) wifi:pm start, type: 1[0m

[0;32mI (10679) wifi:AP's beacon interval = 102400 us, DTIM period = 1[0m
[0;32mI (10919) wifi:<ba-add>idx:0 (ifx:0, 4c:38:d8:2a:66:f1), tid:0, ssn:0, winSize:64[0m
[0;32mI (11649) example_connect: Got IPv6 event: Interface "example_netif_sta" address: fe80:0000:0000:0000:4617:93ff:fee6:3bbc, type: ESP_IP6_ADDR_IS_LINK_LOCAL[0m
[0;32mI (12099) esp_netif_handlers: example_netif_sta ip: 192.168.0.73, mask: 255.255.255.0, gw: 192.168.0.1[0m
[0;32mI (12099) example_connect: Got IPv4 event: Interface "example_netif_sta" address: 192.168.0.73[0m
[0;32mI (12109) example_common: Connected to example_netif_sta[0m
[0;32mI (12109) example_common: - IPv4 address: 192.168.0.73,[0m
[0;32mI (12119) example_common: - IPv6 address: fe80:0000:0000:0000:4617:93ff:fee6:3bbc, type: ESP_IP6_ADDR_IS_LINK_LOCAL[0m
[0;32mI (12129) websocket: Connecting to wss://echo.websocket.events...[0m
[0;33mW (12129) websocket_client: `reconnect_timeout_ms` is not set, or it is less than or equal to zero, using default time out 10000 (milliseconds)[0m
[0;33mW (12149) websocket_client: `network_timeout_ms` is not set, or it is less than or equal to zero, using default time out 10000 (milliseconds)[0m
[0;31mE (13649) esp-tls-mbedtls: mbedtls_x509_crt_parse of CA cert returned -0x2780[0m
[0;31mE (13649) esp-tls-mbedtls: Failed to set client configurations, returned [0x8015] (ESP_ERR_MBEDTLS_X509_CRT_PARSE_FAILED)[0m
[0;31mE (13659) esp-tls: create_ssl_handle failed[0m
[0;31mE (13669) esp-tls: Failed to open new connection[0m
[0;31mE (13669) transport_base: Failed to open a new connection[0m
[0;31mE (13679) transport_ws: Error connecting to host echo.websocket.events:443[0m
[0;31mE (13689) websocket_client: esp_transport_connect() failed with -1, transport_error=ESP_ERR_MBEDTLS_X509_CRT_PARSE_FAILED, tls_error_code=10112, tls_flags=0, esp_ws_handshake_status_code=0, errno=119[0m
[0;32mI (13699) websocket: WEBSOCKET_EVENT_ERROR[0m
[0;32mI (13709) websocket_client: Reconnect after 10000 ms[0m
[0;32mI (13709) websocket: WEBSOCKET_EVENT_DISCONNECTED[0m
[0;31mE (13719) websocket: Last error reported from esp-tls: 0x8015[0m
[0;31mE (13729) websocket: Last error reported from tls stack: 0x3ffc7068[0m
[0;32mI (17169) websocket: No data received for 5 seconds, signaling shutdown[0m
[0;31mE (24589) esp-tls-mbedtls: mbedtls_x509_crt_parse of CA cert returned -0x2780[0m
[0;31mE (24589) esp-tls-mbedtls: Failed to set client configurations, returned [0x8015] (ESP_ERR_MBEDTLS_X509_CRT_PARSE_FAILED)[0m
[0;31mE (24599) esp-tls: create_ssl_handle failed[0m
[0;31mE (24599) esp-tls: Failed to open new connection[0m
[0;31mE (24609) transport_base: Failed to open a new connection[0m
[0;31mE (24609) transport_ws: Error connecting to host echo.websocket.events:443[0m
[0;31mE (24619) websocket_client: esp_transport_connect() failed with -1, transport_error=ESP_ERR_MBEDTLS_X509_CRT_PARSE_FAILED, tls_error_code=10112, tls_flags=0, esp_ws_handshake_status_code=0, errno=119[0m
[0;32mI (24639) websocket: WEBSOCKET_EVENT_ERROR[0m
[0;31mE (24639) websocket: Last error reported from esp-tls: 0x8015[0m
[0;31mE (24649) websocket: Last error reported from tls stack: 0x3ffc94c0[0m
[0;32mI (24659) websocket_client: Reconnect after 10000 ms[0m
[0;32mI (24659) websocket: WEBSOCKET_EVENT_DISCONNECTED[0m
[0;31mE (24669) websocket: Last error reported from tls stack: 0x3ffc7068[0m
[0;31mE (35469) esp-tls-mbedtls: mbedtls_x509_crt_parse of CA cert returned -0x2780[0m
[0;31mE (35469) esp-tls-mbedtls: Failed to set client configurations, returned [0x8015] (ESP_ERR_MBEDTLS_X509_CRT_PARSE_FAILED)[0m
[0;31mE (35479) esp-tls: create_ssl_handle failed[0m
[0;31mE (35489) esp-tls: Failed to open new connection[0m
[0;31mE (35489) transport_base: Failed to open a new connection[0m
[0;31mE (35499) transport_ws: Error connecting to host echo.websocket.events:443[0m
[0;31mE (35499) websocket_client: esp_transport_connect() failed with -1, transport_error=ESP_ERR_MBEDTLS_X509_CRT_PARSE_FAILED, tls_error_code=10112, tls_flags=0, esp_ws_handshake_status_code=0, errno=119[0m
[0;32mI (35519) websocket: WEBSOCKET_EVENT_ERROR[0m
[0;31mE (35529) websocket: Last error reported from esp-tls: 0x8015[0m
[0;31mE (35529) websocket: Last error reported from tls stack: 0x3ffc94c0[0m
[0;32mI (35539) websocket_client: Reconnect after 10000 ms[0m
[0;32mI (35549) websocket: WEBSOCKET_EVENT_DISCONNECTED[0m
[0;31mE (35549) websocket: Last error reported from tls stack: 0x3ffc7068[0m
